<testsuites id="" name="" tests="9" failures="8" skipped="0" errors="0" time="193.221211">
<testsuite name="functionalTestCases.spec.ts" timestamp="2024-12-14T19:06:43.951Z" hostname="chromium" tests="3" failures="2" skipped="0" time="526.694" errors="0">
<testcase name="Functional Test Cases for Wiley Online Library › Verify Search Functionality" classname="functionalTestCases.spec.ts" time="183.481">
<failure message="functionalTestCases.spec.ts:9:7 Verify Search Functionality" type="FAILURE">
<![CDATA[  [chromium] › functionalTestCases.spec.ts:9:7 › Functional Test Cases for Wiley Online Library › Verify Search Functionality 

    Test timeout of 60000ms exceeded.

    Error: page.goto: Test timeout of 60000ms exceeded.
    Call log:
      - navigating to "https://onlinelibrary.wiley.com/", waiting until "load"


       8 |   // Test Case 1: Verify the search functionality works correctly
       9 |   test('Verify Search Functionality', async ({ page }) => {
    > 10 |     await page.goto('https://onlinelibrary.wiley.com/');
         |                ^
      11 |     await page.waitForLoadState('networkidle');
      12 |
      13 |     const searchInput = 'input[name="q"]';
        at C:\Users\wasri\Desktop\playwrigt\tests\functionalTestCases.spec.ts:10:16

    attachment #1: screenshot (image/png) ─────────────────────────────────────────────────
    test-results\functionalTestCases-Functi-96c31-Verify-Search-Functionality-chromium\test-failed-1.png
    ───────────────────────────────────────────────────────────────────────────────────────

    Retry #1 ──────────────────────────────────────────────────────────────────────────────

    Test timeout of 60000ms exceeded.

    attachment #1: screenshot (image/png) ─────────────────────────────────────────────────
    test-results\functionalTestCases-Functi-96c31-Verify-Search-Functionality-chromium-retry1\test-failed-1.png
    ───────────────────────────────────────────────────────────────────────────────────────

    attachment #2: video (video/webm) ─────────────────────────────────────────────────────
    test-results\functionalTestCases-Functi-96c31-Verify-Search-Functionality-chromium-retry1\video.webm
    ───────────────────────────────────────────────────────────────────────────────────────

    attachment #3: trace (application/zip) ────────────────────────────────────────────────
    test-results\functionalTestCases-Functi-96c31-Verify-Search-Functionality-chromium-retry1\trace.zip
    Usage:

        npx playwright show-trace test-results\functionalTestCases-Functi-96c31-Verify-Search-Functionality-chromium-retry1\trace.zip

    ───────────────────────────────────────────────────────────────────────────────────────

    Retry #2 ──────────────────────────────────────────────────────────────────────────────

    Test timeout of 60000ms exceeded.

    attachment #1: screenshot (image/png) ─────────────────────────────────────────────────
    test-results\functionalTestCases-Functi-96c31-Verify-Search-Functionality-chromium-retry2\test-failed-1.png
    ───────────────────────────────────────────────────────────────────────────────────────
]]>
</failure>
<system-out>
<![CDATA[
[[ATTACHMENT|test-results\functionalTestCases-Functi-96c31-Verify-Search-Functionality-chromium\test-failed-1.png]]

[[ATTACHMENT|test-results\functionalTestCases-Functi-96c31-Verify-Search-Functionality-chromium-retry1\test-failed-1.png]]

[[ATTACHMENT|test-results\functionalTestCases-Functi-96c31-Verify-Search-Functionality-chromium-retry1\video.webm]]

[[ATTACHMENT|test-results\functionalTestCases-Functi-96c31-Verify-Search-Functionality-chromium-retry1\trace.zip]]

[[ATTACHMENT|test-results\functionalTestCases-Functi-96c31-Verify-Search-Functionality-chromium-retry2\test-failed-1.png]]
]]>
</system-out>
<system-err>
<![CDATA[Error in Verify Search Functionality: page.waitForSelector: Test timeout of 60000ms exceeded.
Call log:
[2m  - waiting for locator('input[name="q"]') to be visible[22m

    at [90mC:\Users\wasri\Desktop\playwrigt\[39mtests\functionalTestCases.spec.ts:15:18 {
  [[32mSymbol(step)[39m]: {
    stepId: [32m'pw:api@15'[39m,
    location: {
      file: [32m'C:\\Users\\wasri\\Desktop\\playwrigt\\tests\\functionalTestCases.spec.ts'[39m,
      line: [33m15[39m,
      column: [33m18[39m,
      function: [90mundefined[39m
    },
    category: [32m'pw:api'[39m,
    title: [32m'page.waitForSelector(input[name="q"])'[39m,
    apiName: [32m'page.waitForSelector'[39m,
    params: { selector: [32m'input[name="q"]'[39m, timeout: [33m60000[39m },
    boxedStack: [90mundefined[39m,
    steps: [],
    complete: [36m[Function: complete][39m,
    endWallTime: [33m1734203329295[39m,
    error: {
      message: [32m'Error: page.waitForSelector: Test timeout of 60000ms exceeded.\n'[39m +
        [32m'Call log:\n'[39m +
        [32m`\x1B[2m  - waiting for locator('input[name="q"]') to be visible\x1B[22m\n`[39m,
      stack: [32m'Error: page.waitForSelector: Test timeout of 60000ms exceeded.\n'[39m +
        [32m'Call log:\n'[39m +
        [32m`\x1B[2m  - waiting for locator('input[name="q"]') to be visible\x1B[22m\n`[39m +
        [32m'\n'[39m +
        [32m'    at C:\\Users\\wasri\\Desktop\\playwrigt\\tests\\functionalTestCases.spec.ts:15:18'[39m,
      cause: [90mundefined[39m
    }
  }
}
Error in Verify Search Functionality: page.waitForSelector: Test timeout of 60000ms exceeded.
Call log:
[2m  - waiting for locator('input[name="q"]') to be visible[22m

    at [90mC:\Users\wasri\Desktop\playwrigt\[39mtests\functionalTestCases.spec.ts:15:18 {
  [[32mSymbol(step)[39m]: {
    stepId: [32m'pw:api@10'[39m,
    location: {
      file: [32m'C:\\Users\\wasri\\Desktop\\playwrigt\\tests\\functionalTestCases.spec.ts'[39m,
      line: [33m15[39m,
      column: [33m18[39m,
      function: [90mundefined[39m
    },
    category: [32m'pw:api'[39m,
    title: [32m'page.waitForSelector(input[name="q"])'[39m,
    apiName: [32m'page.waitForSelector'[39m,
    params: { selector: [32m'input[name="q"]'[39m, timeout: [33m60000[39m },
    boxedStack: [90mundefined[39m,
    steps: [],
    complete: [36m[Function: complete][39m,
    endWallTime: [33m1734203394909[39m,
    error: {
      message: [32m'Error: page.waitForSelector: Test timeout of 60000ms exceeded.\n'[39m +
        [32m'Call log:\n'[39m +
        [32m`\x1B[2m  - waiting for locator('input[name="q"]') to be visible\x1B[22m\n`[39m,
      stack: [32m'Error: page.waitForSelector: Test timeout of 60000ms exceeded.\n'[39m +
        [32m'Call log:\n'[39m +
        [32m`\x1B[2m  - waiting for locator('input[name="q"]') to be visible\x1B[22m\n`[39m +
        [32m'\n'[39m +
        [32m'    at C:\\Users\\wasri\\Desktop\\playwrigt\\tests\\functionalTestCases.spec.ts:15:18'[39m,
      cause: [90mundefined[39m
    }
  }
}
]]>
</system-err>
</testcase>
<testcase name="Functional Test Cases for Wiley Online Library › Verify Login Page Accessibility" classname="functionalTestCases.spec.ts" time="183.314">
<failure message="functionalTestCases.spec.ts:31:7 Verify Login Page Accessibility" type="FAILURE">
<![CDATA[  [chromium] › functionalTestCases.spec.ts:31:7 › Functional Test Cases for Wiley Online Library › Verify Login Page Accessibility 

    Test timeout of 60000ms exceeded.

    Error: page.goto: Test timeout of 60000ms exceeded.
    Call log:
      - navigating to "https://onlinelibrary.wiley.com/", waiting until "load"


      30 |   // Test Case 2: Verify login page is accessible
      31 |   test('Verify Login Page Accessibility', async ({ page }) => {
    > 32 |     await page.goto('https://onlinelibrary.wiley.com/');
         |                ^
      33 |     await page.waitForLoadState('networkidle');
      34 |
      35 |     const loginLink = 'a:has-text("Log in")';
        at C:\Users\wasri\Desktop\playwrigt\tests\functionalTestCases.spec.ts:32:16

    attachment #1: screenshot (image/png) ─────────────────────────────────────────────────
    test-results\functionalTestCases-Functi-b9996-fy-Login-Page-Accessibility-chromium\test-failed-1.png
    ───────────────────────────────────────────────────────────────────────────────────────

    Retry #1 ──────────────────────────────────────────────────────────────────────────────

    Test timeout of 60000ms exceeded.

    attachment #1: screenshot (image/png) ─────────────────────────────────────────────────
    test-results\functionalTestCases-Functi-b9996-fy-Login-Page-Accessibility-chromium-retry1\test-failed-1.png
    ───────────────────────────────────────────────────────────────────────────────────────

    attachment #2: video (video/webm) ─────────────────────────────────────────────────────
    test-results\functionalTestCases-Functi-b9996-fy-Login-Page-Accessibility-chromium-retry1\video.webm
    ───────────────────────────────────────────────────────────────────────────────────────

    attachment #3: trace (application/zip) ────────────────────────────────────────────────
    test-results\functionalTestCases-Functi-b9996-fy-Login-Page-Accessibility-chromium-retry1\trace.zip
    Usage:

        npx playwright show-trace test-results\functionalTestCases-Functi-b9996-fy-Login-Page-Accessibility-chromium-retry1\trace.zip

    ───────────────────────────────────────────────────────────────────────────────────────

    Retry #2 ──────────────────────────────────────────────────────────────────────────────

    Test timeout of 60000ms exceeded.

    attachment #1: screenshot (image/png) ─────────────────────────────────────────────────
    test-results\functionalTestCases-Functi-b9996-fy-Login-Page-Accessibility-chromium-retry2\test-failed-1.png
    ───────────────────────────────────────────────────────────────────────────────────────
]]>
</failure>
<system-out>
<![CDATA[
[[ATTACHMENT|test-results\functionalTestCases-Functi-b9996-fy-Login-Page-Accessibility-chromium\test-failed-1.png]]

[[ATTACHMENT|test-results\functionalTestCases-Functi-b9996-fy-Login-Page-Accessibility-chromium-retry1\test-failed-1.png]]

[[ATTACHMENT|test-results\functionalTestCases-Functi-b9996-fy-Login-Page-Accessibility-chromium-retry1\video.webm]]

[[ATTACHMENT|test-results\functionalTestCases-Functi-b9996-fy-Login-Page-Accessibility-chromium-retry1\trace.zip]]

[[ATTACHMENT|test-results\functionalTestCases-Functi-b9996-fy-Login-Page-Accessibility-chromium-retry2\test-failed-1.png]]
]]>
</system-out>
<system-err>
<![CDATA[Error in Verify Login Page Accessibility: page.waitForSelector: Test timeout of 60000ms exceeded.
Call log:
[2m  - waiting for locator('a:has-text("Log in")') to be visible[22m

    at [90mC:\Users\wasri\Desktop\playwrigt\[39mtests\functionalTestCases.spec.ts:37:18 {
  [[32mSymbol(step)[39m]: {
    stepId: [32m'pw:api@15'[39m,
    location: {
      file: [32m'C:\\Users\\wasri\\Desktop\\playwrigt\\tests\\functionalTestCases.spec.ts'[39m,
      line: [33m37[39m,
      column: [33m18[39m,
      function: [90mundefined[39m
    },
    category: [32m'pw:api'[39m,
    title: [32m'page.waitForSelector(a:has-text("Log in"))'[39m,
    apiName: [32m'page.waitForSelector'[39m,
    params: { selector: [32m'a:has-text("Log in")'[39m, timeout: [33m60000[39m },
    boxedStack: [90mundefined[39m,
    steps: [],
    complete: [36m[Function: complete][39m,
    endWallTime: [33m1734203329767[39m,
    error: {
      message: [32m'Error: page.waitForSelector: Test timeout of 60000ms exceeded.\n'[39m +
        [32m'Call log:\n'[39m +
        [32m`\x1B[2m  - waiting for locator('a:has-text("Log in")') to be visible\x1B[22m\n`[39m,
      stack: [32m'Error: page.waitForSelector: Test timeout of 60000ms exceeded.\n'[39m +
        [32m'Call log:\n'[39m +
        [32m`\x1B[2m  - waiting for locator('a:has-text("Log in")') to be visible\x1B[22m\n`[39m +
        [32m'\n'[39m +
        [32m'    at C:\\Users\\wasri\\Desktop\\playwrigt\\tests\\functionalTestCases.spec.ts:37:18'[39m,
      cause: [90mundefined[39m
    }
  }
}
Error in Verify Login Page Accessibility: page.waitForSelector: Test timeout of 60000ms exceeded.
Call log:
[2m  - waiting for locator('a:has-text("Log in")') to be visible[22m

    at [90mC:\Users\wasri\Desktop\playwrigt\[39mtests\functionalTestCases.spec.ts:37:18 {
  [[32mSymbol(step)[39m]: {
    stepId: [32m'pw:api@10'[39m,
    location: {
      file: [32m'C:\\Users\\wasri\\Desktop\\playwrigt\\tests\\functionalTestCases.spec.ts'[39m,
      line: [33m37[39m,
      column: [33m18[39m,
      function: [90mundefined[39m
    },
    category: [32m'pw:api'[39m,
    title: [32m'page.waitForSelector(a:has-text("Log in"))'[39m,
    apiName: [32m'page.waitForSelector'[39m,
    params: { selector: [32m'a:has-text("Log in")'[39m, timeout: [33m60000[39m },
    boxedStack: [90mundefined[39m,
    steps: [],
    complete: [36m[Function: complete][39m,
    endWallTime: [33m1734203395038[39m,
    error: {
      message: [32m'Error: page.waitForSelector: Test timeout of 60000ms exceeded.\n'[39m +
        [32m'Call log:\n'[39m +
        [32m`\x1B[2m  - waiting for locator('a:has-text("Log in")') to be visible\x1B[22m\n`[39m,
      stack: [32m'Error: page.waitForSelector: Test timeout of 60000ms exceeded.\n'[39m +
        [32m'Call log:\n'[39m +
        [32m`\x1B[2m  - waiting for locator('a:has-text("Log in")') to be visible\x1B[22m\n`[39m +
        [32m'\n'[39m +
        [32m'    at C:\\Users\\wasri\\Desktop\\playwrigt\\tests\\functionalTestCases.spec.ts:37:18'[39m,
      cause: [90mundefined[39m
    }
  }
}
]]>
</system-err>
</testcase>
<testcase name="Functional Test Cases for Wiley Online Library › Verify Navigation to Journals Section" classname="functionalTestCases.spec.ts" time="159.899">
<system-out>
<![CDATA[
[[ATTACHMENT|test-results\functionalTestCases-Functi-f4871-igation-to-Journals-Section-chromium\test-failed-1.png]]

[[ATTACHMENT|test-results\functionalTestCases-Functi-f4871-igation-to-Journals-Section-chromium-retry1\test-failed-1.png]]

[[ATTACHMENT|test-results\functionalTestCases-Functi-f4871-igation-to-Journals-Section-chromium-retry1\video.webm]]

[[ATTACHMENT|test-results\functionalTestCases-Functi-f4871-igation-to-Journals-Section-chromium-retry1\trace.zip]]
]]>
</system-out>
<system-err>
<![CDATA[Error in Verify Navigation to Journals Section: ExpectError: [2mexpect([22m[31mreceived[39m[2m).[22mtoContain[2m([22m[32mexpected[39m[2m) // indexOf[22m

Expected substring: [32m"Journals"[39m
Received string:    [31m"onlinelibrary.wiley.com"[39m
    at [90mC:\Users\wasri\Desktop\playwrigt\[39mtests\functionalTestCases.spec.ts:64:27 {
  matcherResult: {
    message: [32m'\x1B[2mexpect(\x1B[22m\x1B[31mreceived\x1B[39m\x1B[2m).\x1B[22mtoContain\x1B[2m(\x1B[22m\x1B[32mexpected\x1B[39m\x1B[2m) // indexOf\x1B[22m\n'[39m +
      [32m'\n'[39m +
      [32m'Expected substring: \x1B[32m"Journals"\x1B[39m\n'[39m +
      [32m'Received string:    \x1B[31m"onlinelibrary.wiley.com"\x1B[39m'[39m,
    pass: [33mfalse[39m
  },
  [[32mSymbol(step)[39m]: {
    stepId: [32m'expect@19'[39m,
    category: [32m'expect'[39m,
    title: [32m'expect.toContain'[39m,
    params: { expected: [32m'Journals'[39m },
    infectParentStepsWithError: [90mundefined[39m,
    boxedStack: [90mundefined[39m,
    location: {
      file: [32m'C:\\Users\\wasri\\Desktop\\playwrigt\\tests\\functionalTestCases.spec.ts'[39m,
      line: [33m64[39m,
      column: [33m27[39m,
      function: [90mundefined[39m
    },
    steps: [],
    complete: [36m[Function: complete][39m,
    endWallTime: [33m1734203328571[39m,
    error: {
      message: [32m'Error: \x1B[2mexpect(\x1B[22m\x1B[31mreceived\x1B[39m\x1B[2m).\x1B[22mtoContain\x1B[2m(\x1B[22m\x1B[32mexpected\x1B[39m\x1B[2m) // indexOf\x1B[22m\n'[39m +
        [32m'\n'[39m +
        [32m'Expected substring: \x1B[32m"Journals"\x1B[39m\n'[39m +
        [32m'Received string:    \x1B[31m"onlinelibrary.wiley.com"\x1B[39m'[39m,
      stack: [32m'Error: \x1B[2mexpect(\x1B[22m\x1B[31mreceived\x1B[39m\x1B[2m).\x1B[22mtoContain\x1B[2m(\x1B[22m\x1B[32mexpected\x1B[39m\x1B[2m) // indexOf\x1B[22m\n'[39m +
        [32m'\n'[39m +
        [32m'Expected substring: \x1B[32m"Journals"\x1B[39m\n'[39m +
        [32m'Received string:    \x1B[31m"onlinelibrary.wiley.com"\x1B[39m\n'[39m +
        [32m'    at C:\\Users\\wasri\\Desktop\\playwrigt\\tests\\functionalTestCases.spec.ts:64:27'[39m,
      cause: [90mundefined[39m,
      matcherResult: [36m[Object][39m
    }
  }
}
Error in Verify Navigation to Journals Section: ExpectError: [2mexpect([22m[31mreceived[39m[2m).[22mtoContain[2m([22m[32mexpected[39m[2m) // indexOf[22m

Expected substring: [32m"Journals"[39m
Received string:    [31m"onlinelibrary.wiley.com"[39m
    at [90mC:\Users\wasri\Desktop\playwrigt\[39mtests\functionalTestCases.spec.ts:64:27 {
  matcherResult: {
    message: [32m'\x1B[2mexpect(\x1B[22m\x1B[31mreceived\x1B[39m\x1B[2m).\x1B[22mtoContain\x1B[2m(\x1B[22m\x1B[32mexpected\x1B[39m\x1B[2m) // indexOf\x1B[22m\n'[39m +
      [32m'\n'[39m +
      [32m'Expected substring: \x1B[32m"Journals"\x1B[39m\n'[39m +
      [32m'Received string:    \x1B[31m"onlinelibrary.wiley.com"\x1B[39m'[39m,
    pass: [33mfalse[39m
  },
  [[32mSymbol(step)[39m]: {
    stepId: [32m'expect@14'[39m,
    category: [32m'expect'[39m,
    title: [32m'expect.toContain'[39m,
    params: { expected: [32m'Journals'[39m },
    infectParentStepsWithError: [90mundefined[39m,
    boxedStack: [90mundefined[39m,
    location: {
      file: [32m'C:\\Users\\wasri\\Desktop\\playwrigt\\tests\\functionalTestCases.spec.ts'[39m,
      line: [33m64[39m,
      column: [33m27[39m,
      function: [90mundefined[39m
    },
    steps: [],
    complete: [36m[Function: complete][39m,
    endWallTime: [33m1734203370656[39m,
    error: {
      message: [32m'Error: \x1B[2mexpect(\x1B[22m\x1B[31mreceived\x1B[39m\x1B[2m).\x1B[22mtoContain\x1B[2m(\x1B[22m\x1B[32mexpected\x1B[39m\x1B[2m) // indexOf\x1B[22m\n'[39m +
        [32m'\n'[39m +
        [32m'Expected substring: \x1B[32m"Journals"\x1B[39m\n'[39m +
        [32m'Received string:    \x1B[31m"onlinelibrary.wiley.com"\x1B[39m'[39m,
      stack: [32m'Error: \x1B[2mexpect(\x1B[22m\x1B[31mreceived\x1B[39m\x1B[2m).\x1B[22mtoContain\x1B[2m(\x1B[22m\x1B[32mexpected\x1B[39m\x1B[2m) // indexOf\x1B[22m\n'[39m +
        [32m'\n'[39m +
        [32m'Expected substring: \x1B[32m"Journals"\x1B[39m\n'[39m +
        [32m'Received string:    \x1B[31m"onlinelibrary.wiley.com"\x1B[39m\n'[39m +
        [32m'    at C:\\Users\\wasri\\Desktop\\playwrigt\\tests\\functionalTestCases.spec.ts:64:27'[39m,
      cause: [90mundefined[39m,
      matcherResult: [36m[Object][39m
    }
  }
}
]]>
</system-err>
</testcase>
</testsuite>
<testsuite name="functionalTestCases.spec.ts" timestamp="2024-12-14T19:06:43.951Z" hostname="firefox" tests="3" failures="3" skipped="0" time="371.214" errors="0">
<testcase name="Functional Test Cases for Wiley Online Library › Verify Search Functionality" classname="functionalTestCases.spec.ts" time="124.246">
<failure message="functionalTestCases.spec.ts:9:7 Verify Search Functionality" type="FAILURE">
<![CDATA[  [firefox] › functionalTestCases.spec.ts:9:7 › Functional Test Cases for Wiley Online Library › Verify Search Functionality 

    Test timeout of 60000ms exceeded.

    Error: page.goto: Test timeout of 60000ms exceeded.
    Call log:
      - navigating to "https://onlinelibrary.wiley.com/", waiting until "load"


       8 |   // Test Case 1: Verify the search functionality works correctly
       9 |   test('Verify Search Functionality', async ({ page }) => {
    > 10 |     await page.goto('https://onlinelibrary.wiley.com/');
         |                ^
      11 |     await page.waitForLoadState('networkidle');
      12 |
      13 |     const searchInput = 'input[name="q"]';
        at C:\Users\wasri\Desktop\playwrigt\tests\functionalTestCases.spec.ts:10:16

    attachment #1: screenshot (image/png) ─────────────────────────────────────────────────
    test-results\functionalTestCases-Functi-96c31-Verify-Search-Functionality-firefox\test-failed-1.png
    ───────────────────────────────────────────────────────────────────────────────────────

    Retry #1 ──────────────────────────────────────────────────────────────────────────────

    Test timeout of 60000ms exceeded.

    attachment #1: screenshot (image/png) ─────────────────────────────────────────────────
    test-results\functionalTestCases-Functi-96c31-Verify-Search-Functionality-firefox-retry1\test-failed-1.png
    ───────────────────────────────────────────────────────────────────────────────────────

    attachment #2: video (video/webm) ─────────────────────────────────────────────────────
    test-results\functionalTestCases-Functi-96c31-Verify-Search-Functionality-firefox-retry1\video.webm
    ───────────────────────────────────────────────────────────────────────────────────────

    attachment #3: trace (application/zip) ────────────────────────────────────────────────
    test-results\functionalTestCases-Functi-96c31-Verify-Search-Functionality-firefox-retry1\trace.zip
    Usage:

        npx playwright show-trace test-results\functionalTestCases-Functi-96c31-Verify-Search-Functionality-firefox-retry1\trace.zip

    ───────────────────────────────────────────────────────────────────────────────────────
]]>
</failure>
<system-out>
<![CDATA[
[[ATTACHMENT|test-results\functionalTestCases-Functi-96c31-Verify-Search-Functionality-firefox\test-failed-1.png]]

[[ATTACHMENT|test-results\functionalTestCases-Functi-96c31-Verify-Search-Functionality-firefox-retry1\test-failed-1.png]]

[[ATTACHMENT|test-results\functionalTestCases-Functi-96c31-Verify-Search-Functionality-firefox-retry1\video.webm]]

[[ATTACHMENT|test-results\functionalTestCases-Functi-96c31-Verify-Search-Functionality-firefox-retry1\trace.zip]]
]]>
</system-out>
<system-err>
<![CDATA[Error in Verify Search Functionality: page.waitForSelector: Test timeout of 60000ms exceeded.
Call log:
[2m  - waiting for locator('input[name="q"]') to be visible[22m

    at [90mC:\Users\wasri\Desktop\playwrigt\[39mtests\functionalTestCases.spec.ts:15:18 {
  [[32mSymbol(step)[39m]: {
    stepId: [32m'pw:api@10'[39m,
    location: {
      file: [32m'C:\\Users\\wasri\\Desktop\\playwrigt\\tests\\functionalTestCases.spec.ts'[39m,
      line: [33m15[39m,
      column: [33m18[39m,
      function: [90mundefined[39m
    },
    category: [32m'pw:api'[39m,
    title: [32m'page.waitForSelector(input[name="q"])'[39m,
    apiName: [32m'page.waitForSelector'[39m,
    params: { selector: [32m'input[name="q"]'[39m, timeout: [33m60000[39m },
    boxedStack: [90mundefined[39m,
    steps: [],
    complete: [36m[Function: complete][39m,
    endWallTime: [33m1734203333569[39m,
    error: {
      message: [32m'Error: page.waitForSelector: Test timeout of 60000ms exceeded.\n'[39m +
        [32m'Call log:\n'[39m +
        [32m`\x1B[2m  - waiting for locator('input[name="q"]') to be visible\x1B[22m\n`[39m,
      stack: [32m'Error: page.waitForSelector: Test timeout of 60000ms exceeded.\n'[39m +
        [32m'Call log:\n'[39m +
        [32m`\x1B[2m  - waiting for locator('input[name="q"]') to be visible\x1B[22m\n`[39m +
        [32m'\n'[39m +
        [32m'    at C:\\Users\\wasri\\Desktop\\playwrigt\\tests\\functionalTestCases.spec.ts:15:18'[39m,
      cause: [90mundefined[39m
    }
  }
}
]]>
</system-err>
</testcase>
<testcase name="Functional Test Cases for Wiley Online Library › Verify Login Page Accessibility" classname="functionalTestCases.spec.ts" time="123.627">
<failure message="functionalTestCases.spec.ts:31:7 Verify Login Page Accessibility" type="FAILURE">
<![CDATA[  [firefox] › functionalTestCases.spec.ts:31:7 › Functional Test Cases for Wiley Online Library › Verify Login Page Accessibility 

    Test timeout of 60000ms exceeded.

    Error: page.goto: Test timeout of 60000ms exceeded.
    Call log:
      - navigating to "https://onlinelibrary.wiley.com/", waiting until "load"


      30 |   // Test Case 2: Verify login page is accessible
      31 |   test('Verify Login Page Accessibility', async ({ page }) => {
    > 32 |     await page.goto('https://onlinelibrary.wiley.com/');
         |                ^
      33 |     await page.waitForLoadState('networkidle');
      34 |
      35 |     const loginLink = 'a:has-text("Log in")';
        at C:\Users\wasri\Desktop\playwrigt\tests\functionalTestCases.spec.ts:32:16

    attachment #1: screenshot (image/png) ─────────────────────────────────────────────────
    test-results\functionalTestCases-Functi-b9996-fy-Login-Page-Accessibility-firefox\test-failed-1.png
    ───────────────────────────────────────────────────────────────────────────────────────

    Retry #1 ──────────────────────────────────────────────────────────────────────────────

    Test timeout of 60000ms exceeded.

    attachment #1: screenshot (image/png) ─────────────────────────────────────────────────
    test-results\functionalTestCases-Functi-b9996-fy-Login-Page-Accessibility-firefox-retry1\test-failed-1.png
    ───────────────────────────────────────────────────────────────────────────────────────

    attachment #2: video (video/webm) ─────────────────────────────────────────────────────
    test-results\functionalTestCases-Functi-b9996-fy-Login-Page-Accessibility-firefox-retry1\video.webm
    ───────────────────────────────────────────────────────────────────────────────────────

    attachment #3: trace (application/zip) ────────────────────────────────────────────────
    test-results\functionalTestCases-Functi-b9996-fy-Login-Page-Accessibility-firefox-retry1\trace.zip
    Usage:

        npx playwright show-trace test-results\functionalTestCases-Functi-b9996-fy-Login-Page-Accessibility-firefox-retry1\trace.zip

    ───────────────────────────────────────────────────────────────────────────────────────
]]>
</failure>
<system-out>
<![CDATA[
[[ATTACHMENT|test-results\functionalTestCases-Functi-b9996-fy-Login-Page-Accessibility-firefox\test-failed-1.png]]

[[ATTACHMENT|test-results\functionalTestCases-Functi-b9996-fy-Login-Page-Accessibility-firefox-retry1\test-failed-1.png]]

[[ATTACHMENT|test-results\functionalTestCases-Functi-b9996-fy-Login-Page-Accessibility-firefox-retry1\video.webm]]

[[ATTACHMENT|test-results\functionalTestCases-Functi-b9996-fy-Login-Page-Accessibility-firefox-retry1\trace.zip]]
]]>
</system-out>
<system-err>
<![CDATA[Error in Verify Login Page Accessibility: page.waitForSelector: Test timeout of 60000ms exceeded.
Call log:
[2m  - waiting for locator('a:has-text("Log in")') to be visible[22m

    at [90mC:\Users\wasri\Desktop\playwrigt\[39mtests\functionalTestCases.spec.ts:37:18 {
  [[32mSymbol(step)[39m]: {
    stepId: [32m'pw:api@10'[39m,
    location: {
      file: [32m'C:\\Users\\wasri\\Desktop\\playwrigt\\tests\\functionalTestCases.spec.ts'[39m,
      line: [33m37[39m,
      column: [33m18[39m,
      function: [90mundefined[39m
    },
    category: [32m'pw:api'[39m,
    title: [32m'page.waitForSelector(a:has-text("Log in"))'[39m,
    apiName: [32m'page.waitForSelector'[39m,
    params: { selector: [32m'a:has-text("Log in")'[39m, timeout: [33m60000[39m },
    boxedStack: [90mundefined[39m,
    steps: [],
    complete: [36m[Function: complete][39m,
    endWallTime: [33m1734203332024[39m,
    error: {
      message: [32m'Error: page.waitForSelector: Test timeout of 60000ms exceeded.\n'[39m +
        [32m'Call log:\n'[39m +
        [32m`\x1B[2m  - waiting for locator('a:has-text("Log in")') to be visible\x1B[22m\n`[39m,
      stack: [32m'Error: page.waitForSelector: Test timeout of 60000ms exceeded.\n'[39m +
        [32m'Call log:\n'[39m +
        [32m`\x1B[2m  - waiting for locator('a:has-text("Log in")') to be visible\x1B[22m\n`[39m +
        [32m'\n'[39m +
        [32m'    at C:\\Users\\wasri\\Desktop\\playwrigt\\tests\\functionalTestCases.spec.ts:37:18'[39m,
      cause: [90mundefined[39m
    }
  }
}
]]>
</system-err>
</testcase>
<testcase name="Functional Test Cases for Wiley Online Library › Verify Navigation to Journals Section" classname="functionalTestCases.spec.ts" time="123.341">
<failure message="functionalTestCases.spec.ts:51:7 Verify Navigation to Journals Section" type="FAILURE">
<![CDATA[  [firefox] › functionalTestCases.spec.ts:51:7 › Functional Test Cases for Wiley Online Library › Verify Navigation to Journals Section 

    Test timeout of 60000ms exceeded.

    Error: page.goto: Test timeout of 60000ms exceeded.
    Call log:
      - navigating to "https://onlinelibrary.wiley.com/", waiting until "load"


      50 |   // Test Case 3: Verify navigation to Journals section
      51 |   test('Verify Navigation to Journals Section', async ({ page }) => {
    > 52 |     await page.goto('https://onlinelibrary.wiley.com/');
         |                ^
      53 |     await page.waitForLoadState('networkidle');
      54 |
      55 |     const journalsLink = 'a:has-text("Journals")';
        at C:\Users\wasri\Desktop\playwrigt\tests\functionalTestCases.spec.ts:52:16

    attachment #1: screenshot (image/png) ─────────────────────────────────────────────────
    test-results\functionalTestCases-Functi-f4871-igation-to-Journals-Section-firefox\test-failed-1.png
    ───────────────────────────────────────────────────────────────────────────────────────

    Retry #1 ──────────────────────────────────────────────────────────────────────────────

    Test timeout of 60000ms exceeded.

    Error: page.waitForLoadState: Test timeout of 60000ms exceeded.

      51 |   test('Verify Navigation to Journals Section', async ({ page }) => {
      52 |     await page.goto('https://onlinelibrary.wiley.com/');
    > 53 |     await page.waitForLoadState('networkidle');
         |                ^
      54 |
      55 |     const journalsLink = 'a:has-text("Journals")';
      56 |     try {
        at C:\Users\wasri\Desktop\playwrigt\tests\functionalTestCases.spec.ts:53:16

    attachment #1: screenshot (image/png) ─────────────────────────────────────────────────
    test-results\functionalTestCases-Functi-f4871-igation-to-Journals-Section-firefox-retry1\test-failed-1.png
    ───────────────────────────────────────────────────────────────────────────────────────

    attachment #2: video (video/webm) ─────────────────────────────────────────────────────
    test-results\functionalTestCases-Functi-f4871-igation-to-Journals-Section-firefox-retry1\video.webm
    ───────────────────────────────────────────────────────────────────────────────────────

    attachment #3: trace (application/zip) ────────────────────────────────────────────────
    test-results\functionalTestCases-Functi-f4871-igation-to-Journals-Section-firefox-retry1\trace.zip
    Usage:

        npx playwright show-trace test-results\functionalTestCases-Functi-f4871-igation-to-Journals-Section-firefox-retry1\trace.zip

    ───────────────────────────────────────────────────────────────────────────────────────
]]>
</failure>
<system-out>
<![CDATA[
[[ATTACHMENT|test-results\functionalTestCases-Functi-f4871-igation-to-Journals-Section-firefox\test-failed-1.png]]

[[ATTACHMENT|test-results\functionalTestCases-Functi-f4871-igation-to-Journals-Section-firefox-retry1\test-failed-1.png]]

[[ATTACHMENT|test-results\functionalTestCases-Functi-f4871-igation-to-Journals-Section-firefox-retry1\video.webm]]

[[ATTACHMENT|test-results\functionalTestCases-Functi-f4871-igation-to-Journals-Section-firefox-retry1\trace.zip]]
]]>
</system-out>
</testcase>
</testsuite>
<testsuite name="functionalTestCases.spec.ts" timestamp="2024-12-14T19:06:43.951Z" hostname="webkit" tests="3" failures="3" skipped="0" time="180.368" errors="0">
<testcase name="Functional Test Cases for Wiley Online Library › Verify Search Functionality" classname="functionalTestCases.spec.ts" time="60.126">
<failure message="functionalTestCases.spec.ts:9:7 Verify Search Functionality" type="FAILURE">
<![CDATA[  [webkit] › functionalTestCases.spec.ts:9:7 › Functional Test Cases for Wiley Online Library › Verify Search Functionality 

    Test timeout of 60000ms exceeded.

    attachment #1: screenshot (image/png) ─────────────────────────────────────────────────
    test-results\functionalTestCases-Functi-96c31-Verify-Search-Functionality-webkit\test-failed-1.png
    ───────────────────────────────────────────────────────────────────────────────────────
]]>
</failure>
<system-out>
<![CDATA[
[[ATTACHMENT|test-results\functionalTestCases-Functi-96c31-Verify-Search-Functionality-webkit\test-failed-1.png]]
]]>
</system-out>
<system-err>
<![CDATA[Error in Verify Search Functionality: page.waitForSelector: Test timeout of 60000ms exceeded.
Call log:
[2m  - waiting for locator('input[name="q"]') to be visible[22m
[2m    - waiting for navigation to finish...[22m

    at [90mC:\Users\wasri\Desktop\playwrigt\[39mtests\functionalTestCases.spec.ts:15:18 {
  [[32mSymbol(step)[39m]: {
    stepId: [32m'pw:api@10'[39m,
    location: {
      file: [32m'C:\\Users\\wasri\\Desktop\\playwrigt\\tests\\functionalTestCases.spec.ts'[39m,
      line: [33m15[39m,
      column: [33m18[39m,
      function: [90mundefined[39m
    },
    category: [32m'pw:api'[39m,
    title: [32m'page.waitForSelector(input[name="q"])'[39m,
    apiName: [32m'page.waitForSelector'[39m,
    params: { selector: [32m'input[name="q"]'[39m, timeout: [33m60000[39m },
    boxedStack: [90mundefined[39m,
    steps: [],
    complete: [36m[Function: complete][39m,
    endWallTime: [33m1734203396679[39m,
    error: {
      message: [32m'Error: page.waitForSelector: Test timeout of 60000ms exceeded.\n'[39m +
        [32m'Call log:\n'[39m +
        [32m`\x1B[2m  - waiting for locator('input[name="q"]') to be visible\x1B[22m\n`[39m +
        [32m'\x1B[2m    - waiting for navigation to finish...\x1B[22m\n'[39m,
      stack: [32m'Error: page.waitForSelector: Test timeout of 60000ms exceeded.\n'[39m +
        [32m'Call log:\n'[39m +
        [32m`\x1B[2m  - waiting for locator('input[name="q"]') to be visible\x1B[22m\n`[39m +
        [32m'\x1B[2m    - waiting for navigation to finish...\x1B[22m\n'[39m +
        [32m'\n'[39m +
        [32m'    at C:\\Users\\wasri\\Desktop\\playwrigt\\tests\\functionalTestCases.spec.ts:15:18'[39m,
      cause: [90mundefined[39m
    }
  }
}
]]>
</system-err>
</testcase>
<testcase name="Functional Test Cases for Wiley Online Library › Verify Login Page Accessibility" classname="functionalTestCases.spec.ts" time="60.118">
<failure message="functionalTestCases.spec.ts:31:7 Verify Login Page Accessibility" type="FAILURE">
<![CDATA[  [webkit] › functionalTestCases.spec.ts:31:7 › Functional Test Cases for Wiley Online Library › Verify Login Page Accessibility 

    Test timeout of 60000ms exceeded.

    attachment #1: screenshot (image/png) ─────────────────────────────────────────────────
    test-results\functionalTestCases-Functi-b9996-fy-Login-Page-Accessibility-webkit\test-failed-1.png
    ───────────────────────────────────────────────────────────────────────────────────────
]]>
</failure>
<system-out>
<![CDATA[
[[ATTACHMENT|test-results\functionalTestCases-Functi-b9996-fy-Login-Page-Accessibility-webkit\test-failed-1.png]]
]]>
</system-out>
<system-err>
<![CDATA[Error in Verify Login Page Accessibility: page.waitForSelector: Test timeout of 60000ms exceeded.
Call log:
[2m  - waiting for locator('a:has-text("Log in")') to be visible[22m
[2m    - waiting for navigation to finish...[22m

    at [90mC:\Users\wasri\Desktop\playwrigt\[39mtests\functionalTestCases.spec.ts:37:18 {
  [[32mSymbol(step)[39m]: {
    stepId: [32m'pw:api@10'[39m,
    location: {
      file: [32m'C:\\Users\\wasri\\Desktop\\playwrigt\\tests\\functionalTestCases.spec.ts'[39m,
      line: [33m37[39m,
      column: [33m18[39m,
      function: [90mundefined[39m
    },
    category: [32m'pw:api'[39m,
    title: [32m'page.waitForSelector(a:has-text("Log in"))'[39m,
    apiName: [32m'page.waitForSelector'[39m,
    params: { selector: [32m'a:has-text("Log in")'[39m, timeout: [33m60000[39m },
    boxedStack: [90mundefined[39m,
    steps: [],
    complete: [36m[Function: complete][39m,
    endWallTime: [33m1734203396943[39m,
    error: {
      message: [32m'Error: page.waitForSelector: Test timeout of 60000ms exceeded.\n'[39m +
        [32m'Call log:\n'[39m +
        [32m`\x1B[2m  - waiting for locator('a:has-text("Log in")') to be visible\x1B[22m\n`[39m +
        [32m'\x1B[2m    - waiting for navigation to finish...\x1B[22m\n'[39m,
      stack: [32m'Error: page.waitForSelector: Test timeout of 60000ms exceeded.\n'[39m +
        [32m'Call log:\n'[39m +
        [32m`\x1B[2m  - waiting for locator('a:has-text("Log in")') to be visible\x1B[22m\n`[39m +
        [32m'\x1B[2m    - waiting for navigation to finish...\x1B[22m\n'[39m +
        [32m'\n'[39m +
        [32m'    at C:\\Users\\wasri\\Desktop\\playwrigt\\tests\\functionalTestCases.spec.ts:37:18'[39m,
      cause: [90mundefined[39m
    }
  }
}
]]>
</system-err>
</testcase>
<testcase name="Functional Test Cases for Wiley Online Library › Verify Navigation to Journals Section" classname="functionalTestCases.spec.ts" time="60.124">
<failure message="functionalTestCases.spec.ts:51:7 Verify Navigation to Journals Section" type="FAILURE">
<![CDATA[  [webkit] › functionalTestCases.spec.ts:51:7 › Functional Test Cases for Wiley Online Library › Verify Navigation to Journals Section 

    Test timeout of 60000ms exceeded.

    attachment #1: screenshot (image/png) ─────────────────────────────────────────────────
    test-results\functionalTestCases-Functi-f4871-igation-to-Journals-Section-webkit\test-failed-1.png
    ───────────────────────────────────────────────────────────────────────────────────────
]]>
</failure>
<system-out>
<![CDATA[
[[ATTACHMENT|test-results\functionalTestCases-Functi-f4871-igation-to-Journals-Section-webkit\test-failed-1.png]]
]]>
</system-out>
<system-err>
<![CDATA[Error in Verify Navigation to Journals Section: page.waitForSelector: Test timeout of 60000ms exceeded.
Call log:
[2m  - waiting for locator('a:has-text("Journals")') to be visible[22m
[2m    - waiting for navigation to finish...[22m

    at [90mC:\Users\wasri\Desktop\playwrigt\[39mtests\functionalTestCases.spec.ts:57:18 {
  [[32mSymbol(step)[39m]: {
    stepId: [32m'pw:api@10'[39m,
    location: {
      file: [32m'C:\\Users\\wasri\\Desktop\\playwrigt\\tests\\functionalTestCases.spec.ts'[39m,
      line: [33m57[39m,
      column: [33m18[39m,
      function: [90mundefined[39m
    },
    category: [32m'pw:api'[39m,
    title: [32m'page.waitForSelector(a:has-text("Journals"))'[39m,
    apiName: [32m'page.waitForSelector'[39m,
    params: { selector: [32m'a:has-text("Journals")'[39m, timeout: [33m60000[39m },
    boxedStack: [90mundefined[39m,
    steps: [],
    complete: [36m[Function: complete][39m,
    endWallTime: [33m1734203397098[39m,
    error: {
      message: [32m'Error: page.waitForSelector: Test timeout of 60000ms exceeded.\n'[39m +
        [32m'Call log:\n'[39m +
        [32m`\x1B[2m  - waiting for locator('a:has-text("Journals")') to be visible\x1B[22m\n`[39m +
        [32m'\x1B[2m    - waiting for navigation to finish...\x1B[22m\n'[39m,
      stack: [32m'Error: page.waitForSelector: Test timeout of 60000ms exceeded.\n'[39m +
        [32m'Call log:\n'[39m +
        [32m`\x1B[2m  - waiting for locator('a:has-text("Journals")') to be visible\x1B[22m\n`[39m +
        [32m'\x1B[2m    - waiting for navigation to finish...\x1B[22m\n'[39m +
        [32m'\n'[39m +
        [32m'    at C:\\Users\\wasri\\Desktop\\playwrigt\\tests\\functionalTestCases.spec.ts:57:18'[39m,
      cause: [90mundefined[39m
    }
  }
}
]]>
</system-err>
</testcase>
</testsuite>
</testsuites>